>>> say_my_name = __import__('3-say_my_name').say_my_name

>>> say_my_name()
Traceback (most recent call last):
TypeError: say_my_name() missing 1 required positional argument: 'first_name'

>>> say_my_name("A", "B", "C")
Traceback (most recent call last):
TypeError: say_my_name() takes from 1 to 2 positional arguments but 3 were given

>>> say_my_name(57)
Traceback (most recent call last):
TypeError: first_name must be a string

>>> say_my_name(57, "Umoren")
Traceback (most recent call last):
TypeError: first_name must be a string

>>> say_my_name("Ukpono", 57)
Traceback (most recent call last):
TypeError: last_name must be a string

>>> say_my_name("Ukpono", "Umoren")
My name is Ukpono Umoren

>>> say_my_name("Ukpono")
My name is Ukpono
